{
  "parent": "item/generated",
  "textures": {
    "layer0": "tcc:item/ring/metal/golden_with_gemstone",
    "layer1": "tcc:item/ring/gemstone/amethyst"
  }
}