{
  "parent": "item/generated",
  "textures": {
    "layer0": "tcc:item/ring/metal/golden"
  }
}