{
  "parent": "item/generated",
  "textures": {
    "layer0": "tcc:item/ring/potion/overlay_with_gemstone",
    "layer1": "tcc:item/ring/metal/golden_with_gemstone",
    "layer2": "tcc_compat:dnd/item/ring/gemstone/gypsum"
  }
}